<!DOCTYPE html>
<html lang="en"><head><meta charset="utf-8"/><title>Main page</title></head><body><h1>Main page</h1><p>This is an example page.</p></body></html>
